com\fedex\ziptodest\utils\iseries\DestinationMapper.class
com\fedex\ziptodest\utils\server\ZDMapper.class
com\fedex\ziptodest\model\User.class
com\fedex\ziptodest\repository\iseries\HashSetOperations.class
com\fedex\ziptodest\service\iseries\DestinationService.class
com\fedex\ziptodest\model\ZipToDestModifyRequest.class
com\fedex\ziptodest\service\iseries\StateProvinceService.class
com\fedex\ziptodest\utils\iseries\Fields.class
com\fedex\ziptodest\utils\iseries\CountryCodeMapper.class
com\fedex\ziptodest\config\SwaggerConfig.class
com\fedex\ziptodest\repository\iseries\DestinationDao$1.class
META-INF\spring-configuration-metadata.json
com\fedex\ziptodest\model\ZipToDestStatusResponse.class
com\fedex\ziptodest\utils\server\ZDConstants.class
com\fedex\ziptodest\server\actuator\ServerCustomHealthEndPoint.class
com\fedex\ziptodest\server\filter\WssoFilter.class
com\fedex\ziptodest\repository\iseries\redis\StateProvinceRedisRepository.class
com\fedex\ziptodest\exception\server\CustomizedResponseEntityExceptionHandler.class
com\fedex\ziptodest\ZDServerApplication.class
com\fedex\ziptodest\service\server\CachingService.class
com\fedex\ziptodest\config\ZipToDestKeyspaceConfiguration.class
com\fedex\ziptodest\utils\server\ZDTimer.class
com\fedex\ziptodest\model\ZipToDestNotProcessed.class
com\fedex\ziptodest\repository\server\ZDTransactionRepository$2.class
com\fedex\ziptodest\repository\iseries\CountryCodeDao.class
com\fedex\ziptodest\controller\server\RefreshController.class
com\fedex\ziptodest\service\iseries\impl\NetworkServicesImpl.class
com\fedex\ziptodest\repository\iseries\redis\CountryCodeRedisRepository.class
com\fedex\ziptodest\utils\iseries\CsvReader.class
com\fedex\ziptodest\repository\iseries\redis\DestinationRedisRepository.class
com\fedex\ziptodest\model\CurrentUser.class
com\fedex\ziptodest\model\ZipToDestAddRequest.class
com\fedex\ziptodest\model\Network.class
com\fedex\ziptodest\service\server\impl\ZDServiceImpl.class
com\fedex\ziptodest\controller\iseries\NetworkController.class
com\fedex\ziptodest\repository\iseries\HashSetOperations$1.class
com\fedex\ziptodest\repository\iseries\redis\NetworkRedisRepository.class
com\fedex\ziptodest\model\StateModel.class
com\fedex\ziptodest\repository\server\ZDTransactionRepository$1.class
com\fedex\ziptodest\service\iseries\impl\DestinationServiceImpl.class
com\fedex\ziptodest\server\actuator\CustomHealth.class
com\fedex\ziptodest\model\NetworkModel.class
com\fedex\ziptodest\service\iseries\impl\EmbeddedServerPayloadServiceImpl.class
com\fedex\ziptodest\repository\iseries\DestinationDao.class
com\fedex\ziptodest\server\actuator\ServerCustomHealthCheck.class
com\fedex\ziptodest\repository\server\ZDTransactionRepository$4.class
com\fedex\ziptodest\model\ZipToDestPKey.class
com\fedex\ziptodest\model\StateProvince.class
com\fedex\ziptodest\service\iseries\NetworkService.class
com\fedex\ziptodest\service\server\ZDService.class
com\fedex\ziptodest\utils\iseries\ValidationUtil.class
com\fedex\ziptodest\repository\iseries\StateProvinceDao$1.class
com\fedex\ziptodest\utils\iseries\AppConstants.class
com\fedex\ziptodest\repository\iseries\NetworkDao.class
com\fedex\ziptodest\config\ZipToDestRedisPoolConfig.class
com\fedex\ziptodest\controller\server\ZipToDestController.class
com\fedex\ziptodest\utils\server\ValidationUtil.class
com\fedex\ziptodest\model\Destination.class
com\fedex\ziptodest\model\ZipToDest.class
com\fedex\ziptodest\model\ZipToDestDeleteRequest.class
com\fedex\ziptodest\repository\iseries\StateProvinceDao.class
com\fedex\ziptodest\model\ZipToDestCancelRequest.class
com\fedex\ziptodest\model\CountryCode.class
com\fedex\ziptodest\utils\iseries\NetworkConstants.class
com\fedex\ziptodest\utils\iseries\StateProvinceMapper.class
com\fedex\ziptodest\model\Department.class
com\fedex\ziptodest\model\NetworkRequest.class
com\fedex\ziptodest\repository\server\ZDTransactionRepository$3.class
com\fedex\ziptodest\utils\server\ZDUtil.class
com\fedex\ziptodest\exception\server\ExceptionResponse.class
com\fedex\ziptodest\controller\server\UserController.class
com\fedex\ziptodest\server\actuator\RedisCustomHealthCheck.class
com\fedex\ziptodest\server\actuator\RestCustomEndPoint.class
com\fedex\ziptodest\model\StateProvinceResponse.class
com\fedex\ziptodest\utils\iseries\NetworkMapper.class
com\fedex\ziptodest\repository\iseries\CountryCodeDao$1.class
com\fedex\ziptodest\service\iseries\EmbeddedServerPayloadService.class
com\fedex\ziptodest\service\iseries\impl\StateProvinceServiceImpl.class
com\fedex\ziptodest\repository\iseries\NetworkDao$1.class
com\fedex\ziptodest\utils\server\ZDCsvReader.class
com\fedex\ziptodest\repository\server\ZDTransactionRepository.class
com\fedex\ziptodest\config\ZipToDestRedisConfig.class
com\fedex\ziptodest\controller\iseries\StateProvinceController.class
com\fedex\ziptodest\exception\server\ApplicationException.class
