C:\Users\singaram.ram\git\ziptodest\ZipToDest-UI\ZD-Server\src\main\java\com\fedex\ziptodest\model\Department.java
C:\Users\singaram.ram\git\ziptodest\ZipToDest-UI\ZD-Server\src\main\java\com\fedex\ziptodest\service\server\ZDService.java
C:\Users\singaram.ram\git\ziptodest\ZipToDest-UI\ZD-Server\src\main\java\com\fedex\ziptodest\repository\iseries\redis\NetworkRedisRepository.java
C:\Users\singaram.ram\git\ziptodest\ZipToDest-UI\ZD-Server\src\main\java\com\fedex\ziptodest\utils\iseries\AppConstants.java
C:\Users\singaram.ram\git\ziptodest\ZipToDest-UI\ZD-Server\src\main\java\com\fedex\ziptodest\service\server\impl\ZDServiceImpl.java
C:\Users\singaram.ram\git\ziptodest\ZipToDest-UI\ZD-Server\src\main\java\com\fedex\ziptodest\exception\server\CustomizedResponseEntityExceptionHandler.java
C:\Users\singaram.ram\git\ziptodest\ZipToDest-UI\ZD-Server\src\main\java\com\fedex\ziptodest\repository\iseries\NetworkDao.java
C:\Users\singaram.ram\git\ziptodest\ZipToDest-UI\ZD-Server\src\main\java\com\fedex\ziptodest\server\actuator\CustomHealth.java
C:\Users\singaram.ram\git\ziptodest\ZipToDest-UI\ZD-Server\src\main\java\com\fedex\ziptodest\service\iseries\impl\DestinationServiceImpl.java
C:\Users\singaram.ram\git\ziptodest\ZipToDest-UI\ZD-Server\src\main\java\com\fedex\ziptodest\service\iseries\impl\NetworkServicesImpl.java
C:\Users\singaram.ram\git\ziptodest\ZipToDest-UI\ZD-Server\src\main\java\com\fedex\ziptodest\controller\server\RefreshController.java
C:\Users\singaram.ram\git\ziptodest\ZipToDest-UI\ZD-Server\src\main\java\com\fedex\ziptodest\controller\iseries\NetworkController.java
C:\Users\singaram.ram\git\ziptodest\ZipToDest-UI\ZD-Server\src\main\java\com\fedex\ziptodest\exception\server\ExceptionResponse.java
C:\Users\singaram.ram\git\ziptodest\ZipToDest-UI\ZD-Server\src\main\java\com\fedex\ziptodest\repository\iseries\redis\DestinationRedisRepository.java
C:\Users\singaram.ram\git\ziptodest\ZipToDest-UI\ZD-Server\src\main\java\com\fedex\ziptodest\server\filter\WssoFilter.java
C:\Users\singaram.ram\git\ziptodest\ZipToDest-UI\ZD-Server\src\main\java\com\fedex\ziptodest\service\iseries\StateProvinceService.java
C:\Users\singaram.ram\git\ziptodest\ZipToDest-UI\ZD-Server\src\main\java\com\fedex\ziptodest\service\iseries\NetworkService.java
C:\Users\singaram.ram\git\ziptodest\ZipToDest-UI\ZD-Server\src\main\java\com\fedex\ziptodest\model\ZipToDestAddRequest.java
C:\Users\singaram.ram\git\ziptodest\ZipToDest-UI\ZD-Server\src\main\java\com\fedex\ziptodest\service\server\CachingService.java
C:\Users\singaram.ram\git\ziptodest\ZipToDest-UI\ZD-Server\src\main\java\com\fedex\ziptodest\utils\iseries\Fields.java
C:\Users\singaram.ram\git\ziptodest\ZipToDest-UI\ZD-Server\src\main\java\com\fedex\ziptodest\utils\server\ZDConstants.java
C:\Users\singaram.ram\git\ziptodest\ZipToDest-UI\ZD-Server\src\main\java\com\fedex\ziptodest\repository\iseries\StateProvinceDao.java
C:\Users\singaram.ram\git\ziptodest\ZipToDest-UI\ZD-Server\src\main\java\com\fedex\ziptodest\model\NetworkModel.java
C:\Users\singaram.ram\git\ziptodest\ZipToDest-UI\ZD-Server\src\main\java\com\fedex\ziptodest\utils\server\ZDMapper.java
C:\Users\singaram.ram\git\ziptodest\ZipToDest-UI\ZD-Server\src\main\java\com\fedex\ziptodest\repository\iseries\redis\StateProvinceRedisRepository.java
C:\Users\singaram.ram\git\ziptodest\ZipToDest-UI\ZD-Server\src\main\java\com\fedex\ziptodest\config\ZipToDestRedisPoolConfig.java
C:\Users\singaram.ram\git\ziptodest\ZipToDest-UI\ZD-Server\src\main\java\com\fedex\ziptodest\utils\iseries\CsvReader.java
C:\Users\singaram.ram\git\ziptodest\ZipToDest-UI\ZD-Server\src\main\java\com\fedex\ziptodest\ZDServerApplication.java
C:\Users\singaram.ram\git\ziptodest\ZipToDest-UI\ZD-Server\src\main\java\com\fedex\ziptodest\model\ZipToDestModifyRequest.java
C:\Users\singaram.ram\git\ziptodest\ZipToDest-UI\ZD-Server\src\main\java\com\fedex\ziptodest\model\CurrentUser.java
C:\Users\singaram.ram\git\ziptodest\ZipToDest-UI\ZD-Server\src\main\java\com\fedex\ziptodest\model\ZipToDest.java
C:\Users\singaram.ram\git\ziptodest\ZipToDest-UI\ZD-Server\src\main\java\com\fedex\ziptodest\model\StateProvince.java
C:\Users\singaram.ram\git\ziptodest\ZipToDest-UI\ZD-Server\src\main\java\com\fedex\ziptodest\service\iseries\EmbeddedServerPayloadService.java
C:\Users\singaram.ram\git\ziptodest\ZipToDest-UI\ZD-Server\src\main\java\com\fedex\ziptodest\repository\iseries\HashSetOperations.java
C:\Users\singaram.ram\git\ziptodest\ZipToDest-UI\ZD-Server\src\main\java\com\fedex\ziptodest\utils\iseries\NetworkConstants.java
C:\Users\singaram.ram\git\ziptodest\ZipToDest-UI\ZD-Server\src\main\java\com\fedex\ziptodest\utils\server\ZDCsvReader.java
C:\Users\singaram.ram\git\ziptodest\ZipToDest-UI\ZD-Server\src\main\java\com\fedex\ziptodest\utils\server\ZDUtil.java
C:\Users\singaram.ram\git\ziptodest\ZipToDest-UI\ZD-Server\src\main\java\com\fedex\ziptodest\controller\server\CacheController.java
C:\Users\singaram.ram\git\ziptodest\ZipToDest-UI\ZD-Server\src\main\java\com\fedex\ziptodest\server\actuator\ServerCustomHealthEndPoint.java
C:\Users\singaram.ram\git\ziptodest\ZipToDest-UI\ZD-Server\src\main\java\com\fedex\ziptodest\exception\server\ApplicationException.java
C:\Users\singaram.ram\git\ziptodest\ZipToDest-UI\ZD-Server\src\main\java\com\fedex\ziptodest\utils\iseries\CountryCodeMapper.java
C:\Users\singaram.ram\git\ziptodest\ZipToDest-UI\ZD-Server\src\main\java\com\fedex\ziptodest\model\CountryCode.java
C:\Users\singaram.ram\git\ziptodest\ZipToDest-UI\ZD-Server\src\main\java\com\fedex\ziptodest\utils\iseries\NetworkMapper.java
C:\Users\singaram.ram\git\ziptodest\ZipToDest-UI\ZD-Server\src\main\java\com\fedex\ziptodest\utils\iseries\StateProvinceMapper.java
C:\Users\singaram.ram\git\ziptodest\ZipToDest-UI\ZD-Server\src\main\java\com\fedex\ziptodest\utils\iseries\ValidationUtil.java
C:\Users\singaram.ram\git\ziptodest\ZipToDest-UI\ZD-Server\src\main\java\com\fedex\ziptodest\utils\server\ZDTimer.java
C:\Users\singaram.ram\git\ziptodest\ZipToDest-UI\ZD-Server\src\main\java\com\fedex\ziptodest\exception\server\UnauthorizedException.java
C:\Users\singaram.ram\git\ziptodest\ZipToDest-UI\ZD-Server\src\main\java\com\fedex\ziptodest\controller\iseries\StateProvinceController.java
C:\Users\singaram.ram\git\ziptodest\ZipToDest-UI\ZD-Server\src\main\java\com\fedex\ziptodest\controller\server\UserController.java
C:\Users\singaram.ram\git\ziptodest\ZipToDest-UI\ZD-Server\src\main\java\com\fedex\ziptodest\service\iseries\impl\StateProvinceServiceImpl.java
C:\Users\singaram.ram\git\ziptodest\ZipToDest-UI\ZD-Server\src\main\java\com\fedex\ziptodest\server\actuator\ServerCustomHealthCheck.java
C:\Users\singaram.ram\git\ziptodest\ZipToDest-UI\ZD-Server\src\main\java\com\fedex\ziptodest\service\server\impl\ZDServerPayloadServiceImpl.java
C:\Users\singaram.ram\git\ziptodest\ZipToDest-UI\ZD-Server\src\main\java\com\fedex\ziptodest\model\ZipToDestNotProcessed.java
C:\Users\singaram.ram\git\ziptodest\ZipToDest-UI\ZD-Server\src\main\java\com\fedex\ziptodest\utils\server\ValidationUtil.java
C:\Users\singaram.ram\git\ziptodest\ZipToDest-UI\ZD-Server\src\main\java\com\fedex\ziptodest\model\StateProvinceResponse.java
C:\Users\singaram.ram\git\ziptodest\ZipToDest-UI\ZD-Server\src\main\java\com\fedex\ziptodest\controller\server\ZipToDestController.java
C:\Users\singaram.ram\git\ziptodest\ZipToDest-UI\ZD-Server\src\main\java\com\fedex\ziptodest\model\ZipToDestDeleteRequest.java
C:\Users\singaram.ram\git\ziptodest\ZipToDest-UI\ZD-Server\src\main\java\com\fedex\ziptodest\server\actuator\RedisCustomHealthCheck.java
C:\Users\singaram.ram\git\ziptodest\ZipToDest-UI\ZD-Server\src\main\java\com\fedex\ziptodest\service\server\ZDServerPayloadService.java
C:\Users\singaram.ram\git\ziptodest\ZipToDest-UI\ZD-Server\src\main\java\com\fedex\ziptodest\repository\server\ZDTransactionRepository.java
C:\Users\singaram.ram\git\ziptodest\ZipToDest-UI\ZD-Server\src\main\java\com\fedex\ziptodest\model\NetworkRequest.java
C:\Users\singaram.ram\git\ziptodest\ZipToDest-UI\ZD-Server\src\main\java\com\fedex\ziptodest\model\User.java
C:\Users\singaram.ram\git\ziptodest\ZipToDest-UI\ZD-Server\src\main\java\com\fedex\ziptodest\model\Destination.java
C:\Users\singaram.ram\git\ziptodest\ZipToDest-UI\ZD-Server\src\main\java\com\fedex\ziptodest\model\ZipToDestCancelRequest.java
C:\Users\singaram.ram\git\ziptodest\ZipToDest-UI\ZD-Server\src\main\java\com\fedex\ziptodest\config\CacheNameConfig.java
C:\Users\singaram.ram\git\ziptodest\ZipToDest-UI\ZD-Server\src\main\java\com\fedex\ziptodest\repository\iseries\DestinationDao.java
C:\Users\singaram.ram\git\ziptodest\ZipToDest-UI\ZD-Server\src\main\java\com\fedex\ziptodest\model\Network.java
C:\Users\singaram.ram\git\ziptodest\ZipToDest-UI\ZD-Server\src\main\java\com\fedex\ziptodest\service\iseries\DestinationService.java
C:\Users\singaram.ram\git\ziptodest\ZipToDest-UI\ZD-Server\src\main\java\com\fedex\ziptodest\model\ZipToDestStatusResponse.java
C:\Users\singaram.ram\git\ziptodest\ZipToDest-UI\ZD-Server\src\main\java\com\fedex\ziptodest\service\iseries\impl\EmbeddedServerPayloadServiceImpl.java
C:\Users\singaram.ram\git\ziptodest\ZipToDest-UI\ZD-Server\src\main\java\com\fedex\ziptodest\config\ZipToDestKeyspaceConfiguration.java
C:\Users\singaram.ram\git\ziptodest\ZipToDest-UI\ZD-Server\src\main\java\com\fedex\ziptodest\config\PropertyCacheResolver.java
C:\Users\singaram.ram\git\ziptodest\ZipToDest-UI\ZD-Server\src\main\java\com\fedex\ziptodest\service\server\impl\CachingServiceImpl.java
C:\Users\singaram.ram\git\ziptodest\ZipToDest-UI\ZD-Server\src\main\java\com\fedex\ziptodest\utils\iseries\DestinationMapper.java
C:\Users\singaram.ram\git\ziptodest\ZipToDest-UI\ZD-Server\src\main\java\com\fedex\ziptodest\model\StateModel.java
C:\Users\singaram.ram\git\ziptodest\ZipToDest-UI\ZD-Server\src\main\java\com\fedex\ziptodest\model\ZipToDestPKey.java
C:\Users\singaram.ram\git\ziptodest\ZipToDest-UI\ZD-Server\src\main\java\com\fedex\ziptodest\repository\iseries\CountryCodeDao.java
C:\Users\singaram.ram\git\ziptodest\ZipToDest-UI\ZD-Server\src\main\java\com\fedex\ziptodest\repository\iseries\redis\CountryCodeRedisRepository.java
C:\Users\singaram.ram\git\ziptodest\ZipToDest-UI\ZD-Server\src\main\java\com\fedex\ziptodest\config\SwaggerConfig.java
C:\Users\singaram.ram\git\ziptodest\ZipToDest-UI\ZD-Server\src\main\java\com\fedex\ziptodest\config\ZipToDestRedisConfig.java
C:\Users\singaram.ram\git\ziptodest\ZipToDest-UI\ZD-Server\src\main\java\com\fedex\ziptodest\server\actuator\RestCustomEndPoint.java
