com\fedex\ziptodest\model\NetworkRequestTest.class
com\fedex\ziptodest\model\NetworkTest.class
com\fedex\ziptodest\utils\server\ValidationUtilTest.class
com\fedex\ziptodest\utils\iseries\CsvReaderTest.class
com\fedex\ziptodest\config\ZipToDestRedisPoolConfigTest.class
com\fedex\ZDServer\utils\ConfigFileReader.class
com\fedex\ziptodest\model\ZipToDestStatusResponseTest.class
com\fedex\ziptodest\model\ZipToDestModifyRequestTest.class
com\fedex\ZDServer\ServiceValidation\AddAPIDetails.class
com\fedex\ziptodest\utils\iseries\ValidationUtilTest.class
com\fedex\ziptodest\model\StateProvinceResponseTest.class
com\fedex\ziptodest\server\actuator\CustomHealthTest.class
com\fedex\ziptodest\utils\iseries\NetworkConstantsTest.class
com\fedex\ziptodest\controller\server\UserControllerTest.class
com\fedex\ziptodest\utils\server\ValidationUtilCancelTest.class
com\fedex\ZDServer\cucumber\stepdefs\ZipToDestAPIStepDefinition.class
com\fedex\ziptodest\controller\server\RefreshControllerTest.class
com\fedex\ziptodest\model\ZipToDestCancelRequestTest.class
com\fedex\ziptodest\utils\server\ZDUtilTest.class
com\fedex\ziptodest\model\StateProvinceTest.class
com\fedex\ZDServer\ServiceValidation\ModifyAPIDetails.class
com\fedex\ziptodest\controller\server\ZipToDestControllerCancelTest.class
com\fedex\ziptodest\model\ZipToDestTest.class
com\fedex\ZDServer\cucumber\CucumberIT.class
com\fedex\ziptodest\model\StateModelTest.class
com\fedex\ziptodest\exception\server\ExceptionResponseTest.class
com\fedex\ziptodest\model\NetworkModelTest.class
com\fedex\ziptodest\model\DestinationTest.class
com\fedex\ziptodest\server\actuator\ServerCustomHealthEndPointTest.class
com\fedex\ZDServer\cucumber\SpringBootBaseIT.class
com\fedex\ziptodest\model\ZipToDestAddRequestTest.class
com\fedex\ziptodest\config\ZipToDestKeyspaceConfigurationTest.class
com\fedex\ziptodest\controller\server\ZipToDestControllerAddTest.class
com\fedex\ZDServer\ServiceValidation\DeleteAPIDetails.class
com\fedex\ziptodest\exception\server\CustomizedResponseEntityExceptionHandlerTest.class
com\fedex\ziptodest\model\CountryCodeTest.class
com\fedex\ziptodest\utils\iseries\AppConstantsTest.class
com\fedex\ziptodest\server\filter\WssoFilterTest.class
com\fedex\ZDServer\ServiceValidation\Resources.class
com\fedex\ziptodest\model\UserTest.class
com\fedex\ziptodest\model\ZipToDestDeleteRequestTest.class
com\fedex\ziptodest\server\actuator\RestCustomEndPointTest.class
com\fedex\ziptodest\model\CurrentUserTest.class
