C:\Users\singaram.ram\git\ziptodest\ZipToDest-UI\ZD-Server\src\test\java\com\fedex\ziptodest\model\ZipToDestModifyRequestTest.java
C:\Users\singaram.ram\git\ziptodest\ZipToDest-UI\ZD-Server\src\test\java\com\fedex\ziptodest\utils\iseries\ValidationUtilTest.java
C:\Users\singaram.ram\git\ziptodest\ZipToDest-UI\ZD-Server\src\test\java\com\fedex\ziptodest\repository\server\ZDTransactionRepositoryTest.java
C:\Users\singaram.ram\git\ziptodest\ZipToDest-UI\ZD-Server\src\test\java\com\fedex\ziptodest\server\actuator\RestCustomEndPointTest.java
C:\Users\singaram.ram\git\ziptodest\ZipToDest-UI\ZD-Server\src\test\java\com\fedex\ziptodest\exception\server\CustomizedResponseEntityExceptionHandlerTest.java
C:\Users\singaram.ram\git\ziptodest\ZipToDest-UI\ZD-Server\src\test\java\com\fedex\ziptodest\controller\iseries\NetworkControllerTest.java
C:\Users\singaram.ram\git\ziptodest\ZipToDest-UI\ZD-Server\src\test\java\com\fedex\ZDServer\ServiceValidation\AddAPIDetails.java
C:\Users\singaram.ram\git\ziptodest\ZipToDest-UI\ZD-Server\src\test\java\com\fedex\ziptodest\repository\iseries\NetworkRepositoryTest.java
C:\Users\singaram.ram\git\ziptodest\ZipToDest-UI\ZD-Server\src\test\java\com\fedex\ZDServer\ServiceValidation\ModifyAPIDetails.java
C:\Users\singaram.ram\git\ziptodest\ZipToDest-UI\ZD-Server\src\test\java\com\fedex\ziptodest\service\server\impl\ZDServiceImplTest.java
C:\Users\singaram.ram\git\ziptodest\ZipToDest-UI\ZD-Server\src\test\java\com\fedex\ZDServer\ServiceValidation\Resources.java
C:\Users\singaram.ram\git\ziptodest\ZipToDest-UI\ZD-Server\src\test\java\com\fedex\ziptodest\service\iseries\impl\DestinationServiceImplTest.java
C:\Users\singaram.ram\git\ziptodest\ZipToDest-UI\ZD-Server\src\test\java\com\fedex\ziptodest\model\ZipToDestStatusResponseTest.java
C:\Users\singaram.ram\git\ziptodest\ZipToDest-UI\ZD-Server\src\test\java\com\fedex\ziptodest\config\ZipToDestKeyspaceConfigurationTest.java
C:\Users\singaram.ram\git\ziptodest\ZipToDest-UI\ZD-Server\src\test\java\com\fedex\ziptodest\repository\iseries\StateProvinceRepositoryTest.java
C:\Users\singaram.ram\git\ziptodest\ZipToDest-UI\ZD-Server\src\test\java\com\fedex\ziptodest\repository\iseries\CountryCodeRepositoryTest.java
C:\Users\singaram.ram\git\ziptodest\ZipToDest-UI\ZD-Server\src\test\java\com\fedex\ziptodest\utils\server\ValidationUtilCancelTest.java
C:\Users\singaram.ram\git\ziptodest\ZipToDest-UI\ZD-Server\src\test\java\com\fedex\ziptodest\controller\iseries\StateProvinceControllerTest.java
C:\Users\singaram.ram\git\ziptodest\ZipToDest-UI\ZD-Server\src\test\java\com\fedex\ziptodest\controller\server\RefreshControllerTest.java
C:\Users\singaram.ram\git\ziptodest\ZipToDest-UI\ZD-Server\src\test\java\com\fedex\ziptodest\exception\server\ApplicationExceptionTest.java
C:\Users\singaram.ram\git\ziptodest\ZipToDest-UI\ZD-Server\src\test\java\com\fedex\ziptodest\service\server\impl\ZDServerPayloadServiceImplTest.java
C:\Users\singaram.ram\git\ziptodest\ZipToDest-UI\ZD-Server\src\test\java\com\fedex\ziptodest\model\NetworkRequestTest.java
C:\Users\singaram.ram\git\ziptodest\ZipToDest-UI\ZD-Server\src\test\java\com\fedex\ziptodest\model\StateProvinceTest.java
C:\Users\singaram.ram\git\ziptodest\ZipToDest-UI\ZD-Server\src\test\java\com\fedex\ziptodest\model\ZipToDestNotProcessedTest.java
C:\Users\singaram.ram\git\ziptodest\ZipToDest-UI\ZD-Server\src\test\java\com\fedex\ziptodest\utils\server\ZDUtilTest.java
C:\Users\singaram.ram\git\ziptodest\ZipToDest-UI\ZD-Server\src\test\java\com\fedex\ZDServer\utils\ConfigFileReader.java
C:\Users\singaram.ram\git\ziptodest\ZipToDest-UI\ZD-Server\src\test\java\com\fedex\ziptodest\utils\server\ValidationUtilTest.java
C:\Users\singaram.ram\git\ziptodest\ZipToDest-UI\ZD-Server\src\test\java\com\fedex\ZDServer\cucumber\stepdefs\ZipToDestAPIStepDefinition.java
C:\Users\singaram.ram\git\ziptodest\ZipToDest-UI\ZD-Server\src\test\java\com\fedex\ziptodest\server\actuator\CustomHealthTest.java
C:\Users\singaram.ram\git\ziptodest\ZipToDest-UI\ZD-Server\src\test\java\com\fedex\ziptodest\model\UserTest.java
C:\Users\singaram.ram\git\ziptodest\ZipToDest-UI\ZD-Server\src\test\java\com\fedex\ZDServer\cucumber\SpringBootBaseIT.java
C:\Users\singaram.ram\git\ziptodest\ZipToDest-UI\ZD-Server\src\test\java\com\fedex\ziptodest\utils\iseries\AppConstantsTest.java
C:\Users\singaram.ram\git\ziptodest\ZipToDest-UI\ZD-Server\src\test\java\com\fedex\ziptodest\utils\server\ValidationUtilModifyTest.java
C:\Users\singaram.ram\git\ziptodest\ZipToDest-UI\ZD-Server\src\test\java\com\fedex\ZDServer\ServiceValidation\DeleteAPIDetails.java
C:\Users\singaram.ram\git\ziptodest\ZipToDest-UI\ZD-Server\src\test\java\com\fedex\ziptodest\controller\server\ZipToDestControllerTest.java
C:\Users\singaram.ram\git\ziptodest\ZipToDest-UI\ZD-Server\src\test\java\com\fedex\ziptodest\model\DestinationTest.java
C:\Users\singaram.ram\git\ziptodest\ZipToDest-UI\ZD-Server\src\test\java\com\fedex\ziptodest\utils\server\ValidationUtilAddTest.java
C:\Users\singaram.ram\git\ziptodest\ZipToDest-UI\ZD-Server\src\test\java\com\fedex\ziptodest\model\NetworkTest.java
C:\Users\singaram.ram\git\ziptodest\ZipToDest-UI\ZD-Server\src\test\java\com\fedex\ziptodest\service\iseries\impl\EmbeddedServerPayloadServiceImplTest.java
C:\Users\singaram.ram\git\ziptodest\ZipToDest-UI\ZD-Server\src\test\java\com\fedex\ZDServer\cucumber\CucumberIT.java
C:\Users\singaram.ram\git\ziptodest\ZipToDest-UI\ZD-Server\src\test\java\com\fedex\ziptodest\controller\server\ZipToDestControllerAddTest.java
C:\Users\singaram.ram\git\ziptodest\ZipToDest-UI\ZD-Server\src\test\java\com\fedex\ziptodest\server\filter\WssoFilterTest.java
C:\Users\singaram.ram\git\ziptodest\ZipToDest-UI\ZD-Server\src\test\java\com\fedex\ziptodest\model\StateModelTest.java
C:\Users\singaram.ram\git\ziptodest\ZipToDest-UI\ZD-Server\src\test\java\com\fedex\ziptodest\utils\server\ValidationUtilDeleteTest.java
C:\Users\singaram.ram\git\ziptodest\ZipToDest-UI\ZD-Server\src\test\java\com\fedex\ziptodest\utils\iseries\CsvReaderTest.java
C:\Users\singaram.ram\git\ziptodest\ZipToDest-UI\ZD-Server\src\test\java\com\fedex\ziptodest\model\ZipToDestCancelRequestTest.java
C:\Users\singaram.ram\git\ziptodest\ZipToDest-UI\ZD-Server\src\test\java\com\fedex\ziptodest\controller\server\ZipToDestControllerCancelTest.java
C:\Users\singaram.ram\git\ziptodest\ZipToDest-UI\ZD-Server\src\test\java\com\fedex\ziptodest\model\ZipToDestAddRequestTest.java
C:\Users\singaram.ram\git\ziptodest\ZipToDest-UI\ZD-Server\src\test\java\com\fedex\ziptodest\utils\iseries\NetworkConstantsTest.java
C:\Users\singaram.ram\git\ziptodest\ZipToDest-UI\ZD-Server\src\test\java\com\fedex\ziptodest\model\ZipToDestTest.java
C:\Users\singaram.ram\git\ziptodest\ZipToDest-UI\ZD-Server\src\test\java\com\fedex\ziptodest\model\NetworkModelTest.java
C:\Users\singaram.ram\git\ziptodest\ZipToDest-UI\ZD-Server\src\test\java\com\fedex\ziptodest\ZDServerApplicationTests.java
C:\Users\singaram.ram\git\ziptodest\ZipToDest-UI\ZD-Server\src\test\java\com\fedex\ziptodest\controller\server\UserControllerTest.java
C:\Users\singaram.ram\git\ziptodest\ZipToDest-UI\ZD-Server\src\test\java\com\fedex\ziptodest\exception\server\ExceptionResponseTest.java
C:\Users\singaram.ram\git\ziptodest\ZipToDest-UI\ZD-Server\src\test\java\com\fedex\ziptodest\repository\iseries\DestinationRepositoryTest.java
C:\Users\singaram.ram\git\ziptodest\ZipToDest-UI\ZD-Server\src\test\java\com\fedex\ziptodest\model\CurrentUserTest.java
C:\Users\singaram.ram\git\ziptodest\ZipToDest-UI\ZD-Server\src\test\java\com\fedex\ziptodest\server\actuator\ServerCustomHealthEndPointTest.java
C:\Users\singaram.ram\git\ziptodest\ZipToDest-UI\ZD-Server\src\test\java\com\fedex\ziptodest\model\CountryCodeTest.java
C:\Users\singaram.ram\git\ziptodest\ZipToDest-UI\ZD-Server\src\test\java\com\fedex\ziptodest\model\StateProvinceResponseTest.java
C:\Users\singaram.ram\git\ziptodest\ZipToDest-UI\ZD-Server\src\test\java\com\fedex\ziptodest\config\ZipToDestRedisPoolConfigTest.java
C:\Users\singaram.ram\git\ziptodest\ZipToDest-UI\ZD-Server\src\test\java\com\fedex\ziptodest\model\ZipToDestDeleteRequestTest.java
C:\Users\singaram.ram\git\ziptodest\ZipToDest-UI\ZD-Server\src\test\java\com\fedex\ziptodest\service\iseries\impl\NetworkServicesImplTest.java
C:\Users\singaram.ram\git\ziptodest\ZipToDest-UI\ZD-Server\src\test\java\com\fedex\ziptodest\service\iseries\impl\StateProvinceServiceImplTest.java
